// Vitest Snapshot v1, https://vitest.dev/guide/snapshot.html

exports[`全量皮肤 HD emoji 换装 — v1.49 终版统一约束 > snapshot：完整的 hdIcons 设计表（任何变化都会触发 review） 1`] = `
{
  "aurora": [
    "🧊",
    "☃️",
    "⛷️",
    "🌨️",
    "🏂",
  ],
  "beast": [
    "🐆",
    "🐺",
    "🐘",
    "🦏",
    "🦒",
  ],
  "boardgame": [
    "🎰",
    "♟️",
    "♣️",
    "♥️",
    "♦️",
  ],
  "bubbly": [
    "🥤",
    "🪀",
    "🧋",
    "🪩",
    "💫",
  ],
  "candy": [
    "🍦",
    "🧁",
    "🍫",
    "🍪",
    "🎂",
  ],
  "classic": [
    "🕹️",
    "🎯",
    "🏁",
    "🎴",
    "🎟️",
  ],
  "dawn": [
    "🐝",
    "🦋",
    "🌾",
    "🍯",
    "🌱",
  ],
  "demon": [
    "👻",
    "🦇",
    "🕷️",
    "🕸️",
    "👹",
  ],
  "desert": [
    "🦂",
    "🌴",
    "🏜️",
    "🐍",
    "🌶️",
  ],
  "fairy": [
    "🦌",
    "🐿️",
    "🪺",
    "🍂",
    "🌰",
  ],
  "fantasy": [
    "🧙",
    "🪄",
    "🧝",
    "🧞",
    "🪬",
  ],
  "farm": [
    "🐔",
    "🥕",
    "🐑",
    "🐖",
    "🥬",
  ],
  "food": [
    "🍣",
    "🍩",
    "🥐",
    "🌮",
    "🥗",
  ],
  "forbidden": [
    "🪭",
    "🧧",
    "🏮",
    "🥢",
    "🍵",
  ],
  "forest": [
    "🌲",
    "🐻",
    "🐗",
    "🦔",
    "🍇",
  ],
  "greece": [
    "🦉",
    "🏺",
    "🗿",
    "🏹",
    "🐎",
  ],
  "industrial": [
    "🔩",
    "🛠️",
    "⚒️",
    "🪛",
    "⛏️",
  ],
  "jurassic": [
    "🦴",
    "🌋",
    "🥚",
    "🪨",
    "🦎",
  ],
  "koi": [
    "🐉",
    "🌊",
    "🦞",
    "🦀",
    "⛩️",
  ],
  "mahjong": [
    "🎲",
    "🀐",
    "🀙",
    "🀇",
    "🀄",
  ],
  "music": [
    "🎷",
    "🥁",
    "🎺",
    "🎻",
    "🎤",
  ],
  "neonCity": [
    "🌆",
    "🚖",
    "🏨",
    "🚇",
    "🚥",
  ],
  "ocean": [
    "🐳",
    "🐙",
    "🐬",
    "🐢",
    "🦑",
  ],
  "outdoor": [
    "🏔️",
    "🧗",
    "🎒",
    "🧭",
    "🪃",
  ],
  "pets": [
    "🐱",
    "🐰",
    "🐹",
    "🐤",
    "🦊",
  ],
  "pirate": [
    "⚓",
    "🗺️",
    "💰",
    "🛶",
    "🚣",
  ],
  "pixel8": [
    "🪙",
    "🏯",
    "⚔️",
    "🛡️",
    "🗡️",
  ],
  "sakura": [
    "🌷",
    "🌹",
    "🌼",
    "💐",
    "🪷",
  ],
  "sports": [
    "🏀",
    "🥇",
    "🏐",
    "🏈",
    "⚾",
  ],
  "sunset": [
    "🌇",
    "🌞",
    "🍹",
    "🥥",
    "🐚",
  ],
  "titanium": [
    "🔶",
    "🔺",
    "🟧",
    "🟩",
    "🟦",
  ],
  "toon": [
    "🤡",
    "🎈",
    "🪅",
    "🎭",
    "🤖",
  ],
  "universe": [
    "🚀",
    "🛸",
    "🌠",
    "☄️",
    "🌑",
  ],
  "vehicles": [
    "🚂",
    "🚁",
    "🚤",
    "🛵",
    "🚜",
  ],
}
`;
